// Jest Snapshot v1, https://goo.gl/fbAQLP

exports[`json flat should return correct diff 1`] = `
"{
    host: hexlet.io
  + timeout: 20
  - timeout: 50
  - proxy: 123.234.53.22
  - follow: false
  + verbose: true
}"
`;
